// Jest Snapshot v1, https://goo.gl/fbAQLP

exports[`<CompanyListPage /> Context: Shallow rendering renders correctly 1`] = `ShallowWrapper {}`;
